// Jest Snapshot v1, https://goo.gl/fbAQLP

exports[`matches snapshot 1`] = `
<DocumentFragment>
  <section>
    <h1
      data-testid="h1tag"
    >
      Portfolio
    </h1>
    <p>
      images of apps
    </p>
    <div>
      <div
        class="flex-row"
      />
    </div>
  </section>
</DocumentFragment>
`;
